<testsuites name="results">
  <testsuite name="all" package="all">
    <property name="random_seed" value="1704737214" />
    <testcase name="tb" classname="tb" file="E:\Digital_Verf\Linkdin\AES\tb.py" lineno="7" time="32.60222101211548" sim_time_ns="10005.001" ratio_time="306.8809636092581" />
  </testsuite>
</testsuites>
